// Jest Snapshot v1, https://goo.gl/fbAQLP

exports[`Layout Layout should render properly 1`] = `
<div
  class=""
/>
`;
